#
# Autogenerated by generate-bytecode-expectations.
#

---
wrap: yes

---
snippet: "
  return eval('1;');
"
frame size: 10
parameter count: 1
bytecode array length: 69
bytecodes: [
                B(CreateFunctionContext), U8(3),
                B(PushContext), R(0),
                B(Ldar), R(this),
                B(StaContextSlot), R(context), U8(4), U8(0),
                B(CreateMappedArguments),
                B(StaContextSlot), R(context), U8(6), U8(0),
                B(Ldar), R(new_target),
                B(StaContextSlot), R(context), U8(5), U8(0),
  /*   30 E> */ B(StackCheck),
  /*   34 S> */ B(LdaConstant), U8(0),
                B(Star), R(4),
                B(CallRuntimeForPair), U16(Runtime::kLoadLookupSlotForCall), R(4), U8(1), R(1),
                B(LdaConstant), U8(1),
                B(Star), R(3),
                B(LdaZero),
                B(Star), R(7),
                B(LdaSmi), U8(30),
                B(Star), R(8),
                B(LdaSmi), U8(41),
                B(Star), R(9),
                B(Mov), R(1), R(4),
                B(Mov), R(3), R(5),
                B(Mov), R(closure), R(6),
                B(CallRuntime), U16(Runtime::kResolvePossiblyDirectEval), R(4), U8(6),
                B(Star), R(1),
  /*   41 E> */ B(Call), R(1), R(2), U8(2), U8(0),
  /*   53 S> */ B(Return),
]
constant pool: [
  ONE_BYTE_INTERNALIZED_STRING_TYPE ["eval"],
  ONE_BYTE_INTERNALIZED_STRING_TYPE ["1;"],
]
handlers: [
]

