#
# Autogenerated by generate-bytecode-expectations.
#

---
wrap: no
test function name: f

---
snippet: "
  function* f() { }
  f();
"
frame size: 11
parameter count: 1
bytecode array length: 212
bytecodes: [
                B(Ldar), R(new_target),
                B(JumpIfUndefined), U8(21),
                B(ResumeGenerator), R(new_target),
                B(Star), R(1),
                B(LdaZero),
                B(TestEqualStrict), R(1), U8(0),
                B(JumpIfTrue), U8(61),
                B(LdaSmi), U8(76),
                B(Star), R(2),
                B(CallRuntime), U16(Runtime::kAbort), R(2), U8(1),
                B(LdaSmi), U8(-2),
                B(Star), R(1),
                B(CreateFunctionContext), U8(2),
                B(PushContext), R(0),
                B(Ldar), R(this),
                B(StaContextSlot), R(context), U8(4), U8(0),
  /*   11 E> */ B(StackCheck),
                B(Mov), R(context), R(4),
  /*   11 E> */ B(LdrContextSlot), R(context), U8(4), U8(0), R(6),
                B(Ldar), R(6),
                B(Mov), R(closure), R(5),
                B(CallRuntime), U16(Runtime::kCreateJSGeneratorObject), R(5), U8(2),
                B(StaContextSlot), R(context), U8(5), U8(0),
                B(Star), R(5),
                B(LdrContextSlot), R(context), U8(5), U8(0), R(6),
                B(LdaZero),
                B(SuspendGenerator), R(6),
                B(Ldar), R(5),
  /*   16 S> */ B(Return),
                B(LdaSmi), U8(-2),
                B(Star), R(1),
                B(CallRuntime), U16(Runtime::k_GeneratorGetInputOrDebugPos), R(6), U8(1),
                B(Star), R(7),
                B(CallRuntime), U16(Runtime::k_GeneratorGetResumeMode), R(6), U8(1),
                B(Star), R(8),
                B(LdaZero),
                B(TestEqualStrict), R(8), U8(0),
                B(JumpIfTrue), U8(32),
                B(LdaSmi), U8(2),
                B(TestEqualStrict), R(8), U8(0),
                B(JumpIfTrue), U8(22),
                B(Jump), U8(2),
                B(LdaTrue),
                B(Star), R(10),
                B(Mov), R(7), R(9),
                B(CallRuntime), U16(Runtime::k_CreateIterResultObject), R(9), U8(2),
                B(Star), R(3),
                B(LdaZero),
                B(Star), R(2),
                B(Jump), U8(35),
                B(Ldar), R(7),
  /*   11 E> */ B(Throw),
                B(LdrUndefined), R(5),
                B(LdaTrue),
                B(Star), R(6),
                B(CallRuntime), U16(Runtime::k_CreateIterResultObject), R(5), U8(2),
                B(Star), R(3),
                B(LdaSmi), U8(1),
                B(Star), R(2),
                B(Jump), U8(14),
                B(LdaSmi), U8(-1),
                B(Star), R(2),
                B(Jump), U8(8),
                B(Star), R(3),
                B(LdaSmi), U8(2),
                B(Star), R(2),
                B(CallRuntime), U16(Runtime::kInterpreterClearPendingMessage), R(0), U8(0),
                B(Star), R(4),
                B(LdrContextSlot), R(context), U8(5), U8(0), R(5),
                B(CallRuntime), U16(Runtime::k_GeneratorClose), R(5), U8(1),
                B(CallRuntime), U16(Runtime::kInterpreterSetPendingMessage), R(4), U8(1),
                B(LdaZero),
                B(TestEqualStrict), R(2), U8(0),
                B(JumpIfTrue), U8(18),
                B(LdaSmi), U8(1),
                B(TestEqualStrict), R(2), U8(0),
                B(JumpIfTrue), U8(14),
                B(LdaSmi), U8(2),
                B(TestEqualStrict), R(2), U8(0),
                B(JumpIfTrue), U8(10),
                B(Jump), U8(11),
                B(Ldar), R(3),
  /*   16 S> */ B(Return),
                B(Ldar), R(3),
  /*   16 S> */ B(Return),
                B(Ldar), R(3),
                B(ReThrow),
                B(LdaUndefined),
  /*   16 S> */ B(Return),
]
constant pool: [
]
handlers: [
  [41, 145, 151],
]

---
snippet: "
  function* f() { yield 42 }
  f();
"
frame size: 11
parameter count: 1
bytecode array length: 310
bytecodes: [
                B(Ldar), R(new_target),
                B(JumpIfUndefined), U8(28),
                B(ResumeGenerator), R(new_target),
                B(Star), R(1),
                B(LdaZero),
                B(TestEqualStrict), R(1), U8(0),
                B(JumpIfTrue), U8(68),
                B(LdaSmi), U8(1),
                B(TestEqualStrict), R(1), U8(0),
                B(JumpIfTrueConstant), U8(0),
                B(LdaSmi), U8(76),
                B(Star), R(2),
                B(CallRuntime), U16(Runtime::kAbort), R(2), U8(1),
                B(LdaSmi), U8(-2),
                B(Star), R(1),
                B(CreateFunctionContext), U8(2),
                B(PushContext), R(0),
                B(Ldar), R(this),
                B(StaContextSlot), R(context), U8(4), U8(0),
  /*   11 E> */ B(StackCheck),
                B(Mov), R(context), R(4),
  /*   11 E> */ B(LdrContextSlot), R(context), U8(4), U8(0), R(6),
                B(Ldar), R(6),
                B(Mov), R(closure), R(5),
                B(CallRuntime), U16(Runtime::kCreateJSGeneratorObject), R(5), U8(2),
                B(StaContextSlot), R(context), U8(5), U8(0),
                B(Star), R(5),
                B(LdrContextSlot), R(context), U8(5), U8(0), R(6),
                B(LdaZero),
                B(SuspendGenerator), R(6),
                B(Ldar), R(5),
  /*   25 S> */ B(Return),
                B(LdaSmi), U8(-2),
                B(Star), R(1),
                B(CallRuntime), U16(Runtime::k_GeneratorGetInputOrDebugPos), R(6), U8(1),
                B(Star), R(7),
                B(CallRuntime), U16(Runtime::k_GeneratorGetResumeMode), R(6), U8(1),
                B(Star), R(8),
                B(LdaZero),
                B(TestEqualStrict), R(8), U8(0),
                B(JumpIfTrue), U8(32),
                B(LdaSmi), U8(2),
                B(TestEqualStrict), R(8), U8(0),
                B(JumpIfTrue), U8(22),
                B(Jump), U8(2),
                B(LdaTrue),
                B(Star), R(10),
                B(Mov), R(7), R(9),
                B(CallRuntime), U16(Runtime::k_CreateIterResultObject), R(9), U8(2),
                B(Star), R(3),
                B(LdaZero),
                B(Star), R(2),
                B(Jump), U8(116),
                B(Ldar), R(7),
  /*   11 E> */ B(Throw),
  /*   16 S> */ B(LdaSmi), U8(42),
                B(Star), R(5),
                B(LdaFalse),
                B(Star), R(6),
                B(CallRuntime), U16(Runtime::k_CreateIterResultObject), R(5), U8(2),
                B(Star), R(5),
                B(LdrContextSlot), R(context), U8(5), U8(0), R(6),
                B(LdaSmi), U8(1),
                B(SuspendGenerator), R(6),
                B(Ldar), R(5),
  /*   25 S> */ B(Return),
                B(LdaSmi), U8(-2),
                B(Star), R(1),
                B(CallRuntime), U16(Runtime::k_GeneratorGetInputOrDebugPos), R(6), U8(1),
                B(Star), R(7),
                B(CallRuntime), U16(Runtime::k_GeneratorGetResumeMode), R(6), U8(1),
                B(Star), R(8),
                B(LdaZero),
                B(TestEqualStrict), R(8), U8(0),
                B(JumpIfTrue), U8(33),
                B(LdaSmi), U8(2),
                B(TestEqualStrict), R(8), U8(0),
                B(JumpIfTrue), U8(23),
                B(Jump), U8(2),
                B(LdaTrue),
                B(Star), R(10),
                B(Mov), R(7), R(9),
                B(CallRuntime), U16(Runtime::k_CreateIterResultObject), R(9), U8(2),
                B(Star), R(3),
                B(LdaSmi), U8(1),
                B(Star), R(2),
                B(Jump), U8(35),
                B(Ldar), R(7),
  /*   16 E> */ B(Throw),
                B(LdrUndefined), R(5),
                B(LdaTrue),
                B(Star), R(6),
                B(CallRuntime), U16(Runtime::k_CreateIterResultObject), R(5), U8(2),
                B(Star), R(3),
                B(LdaSmi), U8(2),
                B(Star), R(2),
                B(Jump), U8(14),
                B(LdaSmi), U8(-1),
                B(Star), R(2),
                B(Jump), U8(8),
                B(Star), R(3),
                B(LdaSmi), U8(3),
                B(Star), R(2),
                B(CallRuntime), U16(Runtime::kInterpreterClearPendingMessage), R(0), U8(0),
                B(Star), R(4),
                B(LdrContextSlot), R(context), U8(5), U8(0), R(5),
                B(CallRuntime), U16(Runtime::k_GeneratorClose), R(5), U8(1),
                B(CallRuntime), U16(Runtime::kInterpreterSetPendingMessage), R(4), U8(1),
                B(LdaZero),
                B(TestEqualStrict), R(2), U8(0),
                B(JumpIfTrue), U8(25),
                B(LdaSmi), U8(1),
                B(TestEqualStrict), R(2), U8(0),
                B(JumpIfTrue), U8(21),
                B(LdaSmi), U8(2),
                B(TestEqualStrict), R(2), U8(0),
                B(JumpIfTrue), U8(17),
                B(LdaSmi), U8(3),
                B(TestEqualStrict), R(2), U8(0),
                B(JumpIfTrue), U8(13),
                B(Jump), U8(14),
                B(Ldar), R(3),
  /*   25 S> */ B(Return),
                B(Ldar), R(3),
  /*   25 S> */ B(Return),
                B(Ldar), R(3),
  /*   25 S> */ B(Return),
                B(Ldar), R(3),
                B(ReThrow),
                B(LdaUndefined),
  /*   25 S> */ B(Return),
]
constant pool: [
  Smi [141],
]
handlers: [
  [48, 233, 239],
]

---
snippet: "
  function* f() { for (let x of [42]) yield x }
  f();
"
frame size: 17
parameter count: 1
bytecode array length: 805
bytecodes: [
                B(Ldar), R(new_target),
                B(JumpIfUndefined), U8(28),
                B(ResumeGenerator), R(new_target),
                B(Star), R(3),
                B(LdaZero),
                B(TestEqualStrict), R(3), U8(0),
                B(JumpIfTrue), U8(68),
                B(LdaSmi), U8(1),
                B(TestEqualStrict), R(3), U8(0),
                B(JumpIfTrueConstant), U8(3),
                B(LdaSmi), U8(76),
                B(Star), R(4),
                B(CallRuntime), U16(Runtime::kAbort), R(4), U8(1),
                B(LdaSmi), U8(-2),
                B(Star), R(3),
                B(CreateFunctionContext), U8(9),
                B(PushContext), R(0),
                B(Ldar), R(this),
                B(StaContextSlot), R(context), U8(4), U8(0),
  /*   11 E> */ B(StackCheck),
                B(Mov), R(context), R(6),
  /*   11 E> */ B(LdrContextSlot), R(context), U8(4), U8(0), R(8),
                B(Ldar), R(8),
                B(Mov), R(closure), R(7),
                B(CallRuntime), U16(Runtime::kCreateJSGeneratorObject), R(7), U8(2),
                B(StaContextSlot), R(context), U8(5), U8(0),
                B(Star), R(7),
                B(LdrContextSlot), R(context), U8(5), U8(0), R(8),
                B(LdaZero),
                B(SuspendGenerator), R(8),
                B(Ldar), R(7),
  /*   44 S> */ B(Return),
                B(LdaSmi), U8(-2),
                B(Star), R(3),
                B(CallRuntime), U16(Runtime::k_GeneratorGetInputOrDebugPos), R(8), U8(1),
                B(Star), R(9),
                B(CallRuntime), U16(Runtime::k_GeneratorGetResumeMode), R(8), U8(1),
                B(Star), R(10),
                B(LdaZero),
                B(TestEqualStrict), R(10), U8(0),
                B(JumpIfTrue), U8(32),
                B(LdaSmi), U8(2),
                B(TestEqualStrict), R(10), U8(0),
                B(JumpIfTrue), U8(22),
                B(Jump), U8(2),
                B(LdaTrue),
                B(Star), R(12),
                B(Mov), R(9), R(11),
                B(CallRuntime), U16(Runtime::k_CreateIterResultObject), R(11), U8(2),
                B(Star), R(5),
                B(LdaZero),
                B(Star), R(4),
                B(JumpConstant), U8(20),
                B(Ldar), R(9),
  /*   11 E> */ B(Throw),
                B(Ldar), R(closure),
                B(CreateBlockContext), U8(0),
                B(PushContext), R(1),
                B(LdaTheHole),
                B(StaContextSlot), R(context), U8(4), U8(0),
                B(LdaZero),
                B(StaContextSlot), R(1), U8(9), U8(0),
                B(Mov), R(context), R(9),
                B(Mov), R(context), R(10),
  /*   30 S> */ B(CreateArrayLiteral), U8(1), U8(0), U8(9),
                B(Star), R(12),
                B(LdaConstant), U8(2),
  /*   30 E> */ B(LdrKeyedProperty), R(12), U8(4), R(11),
  /*   30 E> */ B(Call), R(11), R(12), U8(1), U8(2),
  /*   30 E> */ B(StaContextSlot), R(1), U8(7), U8(0),
                B(LdaSmi), U8(-2),
                B(TestEqual), R(3), U8(0),
                B(JumpIfTrue), U8(18),
                B(LdaSmi), U8(1),
                B(TestEqualStrict), R(3), U8(0),
                B(JumpIfTrueConstant), U8(9),
                B(LdaSmi), U8(76),
                B(Star), R(11),
                B(CallRuntime), U16(Runtime::kAbort), R(11), U8(1),
  /*   27 S> */ B(LdrContextSlot), R(1), U8(7), U8(0), R(13),
                B(LdrNamedProperty), R(13), U8(4), U8(8), R(12),
  /*   27 E> */ B(Call), R(12), R(13), U8(1), U8(6),
  /*   27 E> */ B(StaContextSlot), R(1), U8(8), U8(0),
                B(Star), R(11),
                B(InvokeIntrinsic), U8(Runtime::k_IsJSReceiver), R(11), U8(1),
                B(ToBooleanLogicalNot),
                B(JumpIfFalse), U8(12),
                B(LdrContextSlot), R(1), U8(8), U8(0), R(11),
                B(CallRuntime), U16(Runtime::kThrowIteratorResultNotAnObject), R(11), U8(1),
                B(LdrContextSlot), R(1), U8(8), U8(0), R(11),
                B(LdaNamedProperty), R(11), U8(5), U8(10),
                B(JumpIfToBooleanTrueConstant), U8(10),
                B(LdrContextSlot), R(1), U8(8), U8(0), R(11),
                B(LdaNamedProperty), R(11), U8(6), U8(12),
                B(StaContextSlot), R(1), U8(10), U8(0),
                B(LdaSmi), U8(2),
                B(StaContextSlot), R(1), U8(9), U8(0),
                B(LdaContextSlot), R(1), U8(10), U8(0),
                B(StaContextSlot), R(1), U8(6), U8(0),
  /*   16 E> */ B(StackCheck),
                B(Ldar), R(closure),
                B(CreateBlockContext), U8(7),
                B(PushContext), R(2),
                B(LdaTheHole),
                B(StaContextSlot), R(context), U8(4), U8(0),
                B(LdaContextSlot), R(1), U8(6), U8(0),
                B(StaContextSlot), R(context), U8(4), U8(0),
  /*   36 S> */ B(LdaContextSlot), R(context), U8(4), U8(0),
                B(JumpIfNotHole), U8(11),
                B(LdaConstant), U8(8),
                B(Star), R(13),
                B(CallRuntime), U16(Runtime::kThrowReferenceError), R(13), U8(1),
                B(Star), R(11),
                B(LdaFalse),
                B(Star), R(12),
                B(CallRuntime), U16(Runtime::k_CreateIterResultObject), R(11), U8(2),
                B(Star), R(11),
                B(LdrContextSlot), R(1), U8(5), U8(0), R(12),
                B(LdaSmi), U8(1),
                B(SuspendGenerator), R(12),
                B(Ldar), R(11),
  /*   44 S> */ B(Return),
                B(LdaSmi), U8(-2),
                B(Star), R(3),
                B(CallRuntime), U16(Runtime::k_GeneratorGetInputOrDebugPos), R(12), U8(1),
                B(Star), R(13),
                B(CallRuntime), U16(Runtime::k_GeneratorGetResumeMode), R(12), U8(1),
                B(Star), R(14),
                B(LdaZero),
                B(TestEqualStrict), R(14), U8(0),
                B(JumpIfTrue), U8(44),
                B(LdaSmi), U8(2),
                B(TestEqualStrict), R(14), U8(0),
                B(JumpIfTrue), U8(34),
                B(Jump), U8(2),
                B(LdaTrue),
                B(Star), R(16),
                B(Mov), R(13), R(15),
                B(CallRuntime), U16(Runtime::k_CreateIterResultObject), R(15), U8(2),
                B(PopContext), R(2),
                B(PopContext), R(2),
                B(PopContext), R(2),
                B(PopContext), R(2),
                B(PopContext), R(2),
                B(PopContext), R(2),
                B(Star), R(8),
                B(LdaZero),
                B(Star), R(7),
                B(Jump), U8(74),
                B(Ldar), R(13),
  /*   36 E> */ B(Throw),
                B(PopContext), R(2),
                B(LdaZero),
                B(StaContextSlot), R(1), U8(9), U8(0),
                B(Wide), B(JumpLoop), U16(-232), U16(0),
                B(Jump), U8(44),
                B(Star), R(11),
                B(Ldar), R(closure),
                B(CreateCatchContext), R(11), U8(11), U8(12),
                B(Star), R(10),
                B(PushContext), R(2),
                B(LdrContextSlot), R(1), U8(9), U8(0), R(11),
                B(LdaSmi), U8(2),
                B(TestEqualStrict), R(11), U8(14),
                B(JumpIfFalse), U8(8),
                B(LdaSmi), U8(1),
                B(StaContextSlot), R(1), U8(9), U8(0),
                B(LdrContextSlot), R(context), U8(4), U8(0), R(11),
                B(CallRuntime), U16(Runtime::kReThrow), R(11), U8(1),
                B(PopContext), R(2),
                B(LdaSmi), U8(-1),
                B(Star), R(7),
                B(Jump), U8(8),
                B(Star), R(8),
                B(LdaSmi), U8(1),
                B(Star), R(7),
                B(CallRuntime), U16(Runtime::kInterpreterClearPendingMessage), R(0), U8(0),
                B(Star), R(9),
                B(LdrContextSlot), R(1), U8(9), U8(0), R(10),
                B(LdaZero),
                B(TestEqualStrict), R(10), U8(15),
                B(JumpIfTrueConstant), U8(18),
                B(LdrContextSlot), R(1), U8(7), U8(0), R(10),
                B(LdaUndefined),
                B(TestEqualStrict), R(10), U8(16),
                B(JumpIfTrueConstant), U8(19),
                B(LdrContextSlot), R(1), U8(7), U8(0), R(10),
                B(LdaNamedProperty), R(10), U8(13), U8(17),
                B(StaContextSlot), R(1), U8(11), U8(0),
                B(LdrContextSlot), R(1), U8(11), U8(0), R(10),
                B(LdaNull),
                B(TestEqual), R(10), U8(19),
                B(JumpIfFalse), U8(4),
                B(JumpConstant), U8(17),
                B(LdrContextSlot), R(1), U8(9), U8(0), R(10),
                B(LdaSmi), U8(1),
                B(TestEqualStrict), R(10), U8(20),
                B(JumpIfFalse), U8(76),
                B(LdaContextSlot), R(1), U8(11), U8(0),
                B(TypeOf),
                B(Star), R(10),
                B(LdaConstant), U8(14),
                B(TestEqualStrict), R(10), U8(21),
                B(JumpIfFalse), U8(4),
                B(Jump), U8(18),
                B(Wide), B(LdaSmi), U16(130),
                B(Star), R(10),
                B(LdaConstant), U8(15),
                B(Star), R(11),
                B(CallRuntime), U16(Runtime::kNewTypeError), R(10), U8(2),
                B(Throw),
                B(Mov), R(context), R(10),
                B(LdrContextSlot), R(1), U8(11), U8(0), R(11),
                B(LdrContextSlot), R(1), U8(7), U8(0), R(12),
                B(InvokeIntrinsic), U8(Runtime::k_Call), R(11), U8(2),
                B(Jump), U8(23),
                B(Star), R(11),
                B(Ldar), R(closure),
                B(CreateCatchContext), R(11), U8(11), U8(16),
                B(Star), R(10),
                B(CallRuntime), U16(Runtime::kInterpreterClearPendingMessage), R(0), U8(0),
                B(Ldar), R(10),
                B(PushContext), R(2),
                B(PopContext), R(2),
                B(Jump), U8(43),
                B(LdrContextSlot), R(1), U8(11), U8(0), R(10),
                B(LdrContextSlot), R(1), U8(7), U8(0), R(11),
                B(InvokeIntrinsic), U8(Runtime::k_Call), R(10), U8(2),
                B(StaContextSlot), R(1), U8(12), U8(0),
                B(LdrContextSlot), R(1), U8(12), U8(0), R(10),
                B(InvokeIntrinsic), U8(Runtime::k_IsJSReceiver), R(10), U8(1),
                B(JumpIfToBooleanFalse), U8(4),
                B(Jump), U8(12),
                B(LdrContextSlot), R(1), U8(12), U8(0), R(10),
                B(CallRuntime), U16(Runtime::kThrowIteratorResultNotAnObject), R(10), U8(1),
                B(CallRuntime), U16(Runtime::kInterpreterSetPendingMessage), R(9), U8(1),
                B(LdaZero),
                B(TestEqualStrict), R(7), U8(0),
                B(JumpIfTrue), U8(11),
                B(LdaSmi), U8(1),
                B(TestEqualStrict), R(7), U8(0),
                B(JumpIfTrue), U8(17),
                B(Jump), U8(28),
                B(PopContext), R(1),
                B(PopContext), R(1),
                B(LdaSmi), U8(1),
                B(Star), R(4),
                B(Mov), R(8), R(5),
                B(Jump), U8(47),
                B(PopContext), R(1),
                B(PopContext), R(1),
                B(LdaSmi), U8(2),
                B(Star), R(4),
                B(Mov), R(8), R(5),
                B(Jump), U8(34),
                B(PopContext), R(1),
                B(LdrUndefined), R(7),
                B(LdaTrue),
                B(Star), R(8),
                B(CallRuntime), U16(Runtime::k_CreateIterResultObject), R(7), U8(2),
                B(Star), R(5),
                B(LdaSmi), U8(3),
                B(Star), R(4),
                B(Jump), U8(14),
                B(LdaSmi), U8(-1),
                B(Star), R(4),
                B(Jump), U8(8),
                B(Star), R(5),
                B(LdaSmi), U8(4),
                B(Star), R(4),
                B(CallRuntime), U16(Runtime::kInterpreterClearPendingMessage), R(0), U8(0),
                B(Star), R(6),
                B(LdrContextSlot), R(context), U8(5), U8(0), R(7),
                B(CallRuntime), U16(Runtime::k_GeneratorClose), R(7), U8(1),
                B(CallRuntime), U16(Runtime::kInterpreterSetPendingMessage), R(6), U8(1),
                B(LdaZero),
                B(TestEqualStrict), R(4), U8(0),
                B(JumpIfTrue), U8(32),
                B(LdaSmi), U8(1),
                B(TestEqualStrict), R(4), U8(0),
                B(JumpIfTrue), U8(28),
                B(LdaSmi), U8(2),
                B(TestEqualStrict), R(4), U8(0),
                B(JumpIfTrue), U8(24),
                B(LdaSmi), U8(3),
                B(TestEqualStrict), R(4), U8(0),
                B(JumpIfTrue), U8(20),
                B(LdaSmi), U8(4),
                B(TestEqualStrict), R(4), U8(0),
                B(JumpIfTrue), U8(16),
                B(Jump), U8(17),
                B(Ldar), R(5),
  /*   44 S> */ B(Return),
                B(Ldar), R(5),
  /*   44 S> */ B(Return),
                B(Ldar), R(5),
                B(ReThrow),
                B(Ldar), R(5),
  /*   44 S> */ B(Return),
                B(Ldar), R(5),
                B(ReThrow),
                B(LdaUndefined),
  /*   44 S> */ B(Return),
]
constant pool: [
  FIXED_ARRAY_TYPE,
  FIXED_ARRAY_TYPE,
  SYMBOL_TYPE,
  Smi [158],
  ONE_BYTE_INTERNALIZED_STRING_TYPE ["next"],
  ONE_BYTE_INTERNALIZED_STRING_TYPE ["done"],
  ONE_BYTE_INTERNALIZED_STRING_TYPE ["value"],
  FIXED_ARRAY_TYPE,
  ONE_BYTE_INTERNALIZED_STRING_TYPE ["x"],
  Smi [146],
  Smi [167],
  ONE_BYTE_INTERNALIZED_STRING_TYPE [".catch"],
  FIXED_ARRAY_TYPE,
  ONE_BYTE_INTERNALIZED_STRING_TYPE ["return"],
  ONE_BYTE_INTERNALIZED_STRING_TYPE ["function"],
  ONE_BYTE_INTERNALIZED_STRING_TYPE [""],
  FIXED_ARRAY_TYPE,
  Smi [129],
  Smi [166],
  Smi [155],
  Smi [601],
]
handlers: [
  [48, 718, 724],
  [153, 458, 464],
  [156, 414, 416],
  [572, 586, 588],
]

